// Jest Snapshot v1, https://goo.gl/fbAQLP

exports[`should render AppointmentList component 1`] = `
<Container
  fluid={false}
>
  <h3>
    Your Appointments
  </h3>
  <AppointmentItem
    item={
      Object {
        "city": "Mwingi",
        "date": "2021-02-07",
        "id": 1,
        "physician": Object {
          "category": "Eye Specialist",
          "id": 1,
        },
      }
    }
    key="1"
  />
</Container>
`;
