// Jest Snapshot v1, https://goo.gl/fbAQLP

exports[`should submit Signup form 1`] = `
<Container
  fluid={false}
>
  <div
    className="w-25 mx-auto mt-2"
  >
    <h3>
      Sign up.
    </h3>
    <Form
      inline={false}
      onSubmit={[Function]}
    >
      <FormGroup>
        <FormLabel
          column={false}
          srOnly={false}
        >
          Name
        </FormLabel>
        <FormControl
          name="name"
          onChange={[Function]}
          placeholder="Enter your name"
          type="text"
          value=""
        />
      </FormGroup>
      <FormGroup>
        <FormLabel
          column={false}
          srOnly={false}
        >
          Username
        </FormLabel>
        <FormControl
          name="username"
          onChange={[Function]}
          placeholder="Enter your username"
          type="text"
          value=""
        />
      </FormGroup>
      <FormGroup>
        <FormLabel
          column={false}
          srOnly={false}
        >
          Email address
        </FormLabel>
        <FormControl
          id="email"
          name="email"
          onChange={[Function]}
          placeholder="Enter email"
          type="email"
          value=""
        />
        <FormText
          className="text-muted"
        >
          We will never share your email with anyone else.
        </FormText>
      </FormGroup>
      <FormGroup>
        <FormLabel
          column={false}
          srOnly={false}
        >
          Password
        </FormLabel>
        <FormControl
          id="password"
          name="password"
          onChange={[Function]}
          placeholder="Password"
          type="password"
          value=""
        />
      </FormGroup>
      <Button
        active={false}
        block={true}
        disabled={false}
        type="submit"
        variant="primary"
      >
        Submit
      </Button>
    </Form>
    <p
      className="my-1"
    >
      Already have an account?
    </p>
    <Link
      className="h5"
      to="/login"
    >
      Login
    </Link>
  </div>
</Container>
`;
